******************************************************************************
                  TI ARM Linker PC v20.2.7                     
******************************************************************************
>> Linked Sat Mar 25 03:04:04 2023

OUTPUT FILE NAME:   <Exercise2.out>
ENTRY POINT SYMBOL: "_c_int00_noargs"  address: 00000651


MEMORY CONFIGURATION

         name            origin    length      used     unused   attr    fill
----------------------  --------  ---------  --------  --------  ----  --------
  FLASH                 00000000   00040000  000006cd  0003f933  R  X
  SRAM                  20000000   00008000  00001240  00006dc0  RW X


SEGMENT ALLOCATION MAP

run origin  load origin   length   init length attrs members
----------  ----------- ---------- ----------- ----- -------
00000000    00000000    000006d4   000006d4    r-x
  00000000    00000000    0000026c   0000026c    r-- .intvecs
  0000026c    0000026c    00000438   00000438    r-x .text
  000006a4    000006a4    00000015   00000015    r-- .const
  000006c0    000006c0    00000014   00000014    r-- .cinit
20000000    20000000    00001240   00000000    rw-
  20000000    20000000    00001040   00000000    rw- .bss
  20001040    20001040    00000200   00000000    rw- .stack


SECTION ALLOCATION MAP

 output                                  attributes/
section   page    origin      length       input sections
--------  ----  ----------  ----------   ----------------
.intvecs   0    00000000    0000026c     
                  00000000    0000026c     tm4c123gh6pm_startup_ccs.obj (.intvecs)

.text      0    0000026c    00000438     
                  0000026c    00000288     main.obj (.text)
                  000004f4    0000009c     rtsv7M4_T_le_v4SPD16_eabi.lib : memcpy_t2.asm.obj (.text)
                  00000590    0000007a                                   : memset_t2.asm.obj (.text)
                  0000060a    00000002     --HOLE-- [fill = 0]
                  0000060c    00000044                                   : autoinit.c.obj (.text:__TI_auto_init_nobinit_nopinit:__TI_auto_init_nobinit_nopinit)
                  00000650    00000034                                   : boot_cortex_m.c.obj (.text:_c_int00_noargs:_c_int00_noargs)
                  00000684    0000000c                                   : copy_zero_init.c.obj (.text:decompress:ZI:__TI_zero_init)
                  00000690    0000000c     tm4c123gh6pm_startup_ccs.obj (.text)
                  0000069c    00000004     rtsv7M4_T_le_v4SPD16_eabi.lib : pre_init.c.obj (.text:_system_pre_init)
                  000006a0    00000004                                   : exit.c.obj (.text:abort:abort)

.const     0    000006a4    00000015     
                  000006a4    00000015     main.obj (.const:.string:$P$T0$1)

.cinit     0    000006c0    00000014     
                  000006c0    00000008     (.cinit..bss.load) [load image, compression = zero_init]
                  000006c8    00000004     (__TI_handler_table)
                  000006cc    00000008     (__TI_cinit_table)

.init_array 
*          0    00000000    00000000     UNINITIALIZED

.bss       0    20000000    00001040     UNINITIALIZED
                  20000000    00001000     main.obj (.bss:controlTable)
                  20001000    00000040     (.common:values)

.stack     0    20001040    00000200     UNINITIALIZED
                  20001040    00000004     rtsv7M4_T_le_v4SPD16_eabi.lib : boot_cortex_m.c.obj (.stack)
                  20001044    000001fc     --HOLE--

__llvm_prf_cnts 
*          0    20000000    00000000     UNINITIALIZED

MODULE SUMMARY

       Module                         code   ro data   rw data
       ------                         ----   -------   -------
    .\
       main.obj                       648    21        4160   
       tm4c123gh6pm_startup_ccs.obj   12     620       0      
    +--+------------------------------+------+---------+---------+
       Total:                         660    641       4160   
                                                              
    C:\ti\ccs1220\ccs\tools\compiler\ti-cgt-arm_20.2.7.LTS\lib\rtsv7M4_T_le_v4SPD16_eabi.lib
       memcpy_t2.asm.obj              156    0         0      
       memset_t2.asm.obj              122    0         0      
       autoinit.c.obj                 68     0         0      
       boot_cortex_m.c.obj            52     0         0      
       copy_zero_init.c.obj           12     0         0      
       exit.c.obj                     4      0         0      
       pre_init.c.obj                 4      0         0      
    +--+------------------------------+------+---------+---------+
       Total:                         418    0         0      
                                                              
       Stack:                         0      0         512    
       Linker Generated:              0      20        0      
    +--+------------------------------+------+---------+---------+
       Grand Total:                   1078   661       4672   


LINKER GENERATED COPY TABLES

__TI_cinit_table @ 000006cc records: 1, size/record: 8, table size: 8
	.bss: load addr=000006c0, load size=00000008 bytes, run addr=20000000, run size=00001040 bytes, compression=zero_init


LINKER GENERATED HANDLER TABLE

__TI_handler_table @ 000006c8 records: 1, size/record: 4, table size: 4
	index: 0, handler: __TI_zero_init


GLOBAL SYMBOLS: SORTED ALPHABETICALLY BY Name 

address   name                          
-------   ----                          
000006a1  C$$EXIT                       
0000037b  DMA_Init                      
00000291  Delay                         
00000691  ResetISR                      
00000431  UART0_Available               
00000379  UART0_Handler                 
00000441  UART_DMA_Transmit             
000002b3  UART_Init                     
00000341  UART_print_char               
0000035d  UART_print_string             
20001240  __STACK_END                   
00000200  __STACK_SIZE                  
20001240  __STACK_TOP                   
000006cc  __TI_CINIT_Base               
000006d4  __TI_CINIT_Limit              
000006c8  __TI_Handler_Table_Base       
000006cc  __TI_Handler_Table_Limit      
0000060d  __TI_auto_init_nobinit_nopinit
ffffffff  __TI_pprof_out_hndl           
ffffffff  __TI_prof_data_size           
ffffffff  __TI_prof_data_start          
00000000  __TI_static_base__            
00000685  __TI_zero_init                
00000591  __aeabi_memclr                
00000591  __aeabi_memclr4               
00000591  __aeabi_memclr8               
000004f5  __aeabi_memcpy                
000004f5  __aeabi_memcpy4               
000004f5  __aeabi_memcpy8               
00000593  __aeabi_memset                
00000593  __aeabi_memset4               
00000593  __aeabi_memset8               
ffffffff  __binit__                     
ffffffff  __c_args__                    
UNDEFED   __mpu_init                    
20001040  __stack                       
20000000  __start___llvm_prf_cnts       
20000000  __stop___llvm_prf_cnts        
00000651  _c_int00_noargs               
UNDEFED   _system_post_cinit            
0000069d  _system_pre_init              
000006a1  abort                         
ffffffff  binit                         
00000000  g_pfnVectors                  
0000026d  main                          
000004f5  memcpy                        
00000599  memset                        
20001000  values                        


GLOBAL SYMBOLS: SORTED BY Symbol Address 

address   name                          
-------   ----                          
00000000  __TI_static_base__            
00000000  g_pfnVectors                  
00000200  __STACK_SIZE                  
0000026d  main                          
00000291  Delay                         
000002b3  UART_Init                     
00000341  UART_print_char               
0000035d  UART_print_string             
00000379  UART0_Handler                 
0000037b  DMA_Init                      
00000431  UART0_Available               
00000441  UART_DMA_Transmit             
000004f5  __aeabi_memcpy                
000004f5  __aeabi_memcpy4               
000004f5  __aeabi_memcpy8               
000004f5  memcpy                        
00000591  __aeabi_memclr                
00000591  __aeabi_memclr4               
00000591  __aeabi_memclr8               
00000593  __aeabi_memset                
00000593  __aeabi_memset4               
00000593  __aeabi_memset8               
00000599  memset                        
0000060d  __TI_auto_init_nobinit_nopinit
00000651  _c_int00_noargs               
00000685  __TI_zero_init                
00000691  ResetISR                      
0000069d  _system_pre_init              
000006a1  C$$EXIT                       
000006a1  abort                         
000006c8  __TI_Handler_Table_Base       
000006cc  __TI_CINIT_Base               
000006cc  __TI_Handler_Table_Limit      
000006d4  __TI_CINIT_Limit              
20000000  __start___llvm_prf_cnts       
20000000  __stop___llvm_prf_cnts        
20001000  values                        
20001040  __stack                       
20001240  __STACK_END                   
20001240  __STACK_TOP                   
ffffffff  __TI_pprof_out_hndl           
ffffffff  __TI_prof_data_size           
ffffffff  __TI_prof_data_start          
ffffffff  __binit__                     
ffffffff  __c_args__                    
ffffffff  binit                         
UNDEFED   __mpu_init                    
UNDEFED   _system_post_cinit            

[48 symbols]
