******************************************************************************
                  TI ARM Linker PC v20.2.7                     
******************************************************************************
>> Linked Thu Mar 16 18:17:22 2023

OUTPUT FILE NAME:   <Test.out>
ENTRY POINT SYMBOL: "_c_int00_noargs"  address: 00000839


MEMORY CONFIGURATION

         name            origin    length      used     unused   attr    fill
----------------------  --------  ---------  --------  --------  ----  --------
  FLASH                 00000000   00040000  000008ca  0003f736  R  X
  SRAM                  20000000   00008000  00000624  000079dc  RW X


SEGMENT ALLOCATION MAP

run origin  load origin   length   init length attrs members
----------  ----------- ---------- ----------- ----- -------
00000000    00000000    000008d0   000008d0    r-x
  00000000    00000000    0000026c   0000026c    r-- .intvecs
  0000026c    0000026c    0000062e   0000062e    r-x .text
  000008a0    000008a0    00000030   00000030    r-- .cinit
20000000    20000000    00000624   00000000    rw-
  20000000    20000000    00000420   00000000    rw- .bss
  20000420    20000420    00000200   00000000    rw- .stack
  20000620    20000620    00000004   00000000    rw- .data


SECTION ALLOCATION MAP

 output                                  attributes/
section   page    origin      length       input sections
--------  ----  ----------  ----------   ----------------
.intvecs   0    00000000    0000026c     
                  00000000    0000026c     tm4c123gh6pm_startup_ccs.obj (.intvecs)

.text      0    0000026c    0000062e     
                  0000026c    00000408     main.obj (.text)
                  00000674    0000009c     rtsv7M4_T_le_v4SPD16_eabi.lib : memcpy_t2.asm.obj (.text)
                  00000710    0000007a                                   : memset_t2.asm.obj (.text)
                  0000078a    00000068                                   : copy_decompress_lzss.c.obj (.text:decompress:lzss:__TI_decompress_lzss)
                  000007f2    00000002     --HOLE-- [fill = 0]
                  000007f4    00000044                                   : autoinit.c.obj (.text:__TI_auto_init_nobinit_nopinit:__TI_auto_init_nobinit_nopinit)
                  00000838    00000034                                   : boot_cortex_m.c.obj (.text:_c_int00_noargs:_c_int00_noargs)
                  0000086c    0000000e                                   : copy_decompress_none.c.obj (.text:decompress:none:__TI_decompress_none)
                  0000087a    0000000c                                   : copy_zero_init.c.obj (.text:decompress:ZI:__TI_zero_init)
                  00000886    0000000c     tm4c123gh6pm_startup_ccs.obj (.text)
                  00000892    00000004     rtsv7M4_T_le_v4SPD16_eabi.lib : pre_init.c.obj (.text:_system_pre_init)
                  00000896    00000004                                   : exit.c.obj (.text:abort:abort)

.cinit     0    000008a0    00000030     
                  000008a0    0000000c     (__TI_handler_table)
                  000008ac    00000004     --HOLE-- [fill = 0]
                  000008b0    00000008     (.cinit..bss.load) [load image, compression = zero_init]
                  000008b8    00000008     (.cinit..data.load) [load image, compression = lzss]
                  000008c0    00000010     (__TI_cinit_table)

.init_array 
*          0    00000000    00000000     UNINITIALIZED

.bss       0    20000000    00000420     UNINITIALIZED
                  20000000    00000400     (.common:DMA_Control_Table)
                  20000400    00000010     (.common:rx_buffer)
                  20000410    00000010     (.common:tx_buffer)

.data      0    20000620    00000004     UNINITIALIZED
                  20000620    00000004     main.obj (.data)

.stack     0    20000420    00000200     UNINITIALIZED
                  20000420    00000004     rtsv7M4_T_le_v4SPD16_eabi.lib : boot_cortex_m.c.obj (.stack)
                  20000424    000001fc     --HOLE--

__llvm_prf_cnts 
*          0    20000000    00000000     UNINITIALIZED

MODULE SUMMARY

       Module                         code   ro data   rw data
       ------                         ----   -------   -------
    .\
       main.obj                       1032   0         1060   
       tm4c123gh6pm_startup_ccs.obj   12     620       0      
    +--+------------------------------+------+---------+---------+
       Total:                         1044   620       1060   
                                                              
    C:\ti\ccs1220\ccs\tools\compiler\ti-cgt-arm_20.2.7.LTS\lib\rtsv7M4_T_le_v4SPD16_eabi.lib
       memcpy_t2.asm.obj              156    0         0      
       memset_t2.asm.obj              122    0         0      
       copy_decompress_lzss.c.obj     104    0         0      
       autoinit.c.obj                 68     0         0      
       boot_cortex_m.c.obj            52     0         0      
       copy_decompress_none.c.obj     14     0         0      
       copy_zero_init.c.obj           12     0         0      
       exit.c.obj                     4      0         0      
       pre_init.c.obj                 4      0         0      
    +--+------------------------------+------+---------+---------+
       Total:                         536    0         0      
                                                              
       Stack:                         0      0         512    
       Linker Generated:              0      44        0      
    +--+------------------------------+------+---------+---------+
       Grand Total:                   1580   664       1572   


LINKER GENERATED COPY TABLES

__TI_cinit_table @ 000008c0 records: 2, size/record: 8, table size: 16
	.bss: load addr=000008b0, load size=00000008 bytes, run addr=20000000, run size=00000420 bytes, compression=zero_init
	.data: load addr=000008b8, load size=00000008 bytes, run addr=20000620, run size=00000004 bytes, compression=lzss


LINKER GENERATED HANDLER TABLE

__TI_handler_table @ 000008a0 records: 3, size/record: 4, table size: 12
	index: 0, handler: __TI_decompress_lzss
	index: 1, handler: __TI_decompress_none
	index: 2, handler: __TI_zero_init


GLOBAL SYMBOLS: SORTED ALPHABETICALLY BY Name 

address   name                          
-------   ----                          
00000897  C$$EXIT                       
20000000  DMA_Control_Table             
20000620  DMA_Control_Table_Base        
000004d9  DMA_Init                      
000002bb  Delay                         
000002a1  I2C1_Handler                  
00000315  I2C_Init                      
000003d3  I2C_Loopback_Test             
00000887  ResetISR                      
0000026d  UART0_Handler                 
00000583  UART_DMA_Receive              
000004c3  UART_DMA_Transmit             
00000447  UART_Init                     
000002dd  UART_print_char               
000002f9  UART_print_string             
20000620  __STACK_END                   
00000200  __STACK_SIZE                  
20000620  __STACK_TOP                   
000008c0  __TI_CINIT_Base               
000008d0  __TI_CINIT_Limit              
000008a0  __TI_Handler_Table_Base       
000008ac  __TI_Handler_Table_Limit      
000007f5  __TI_auto_init_nobinit_nopinit
0000078b  __TI_decompress_lzss          
0000086d  __TI_decompress_none          
ffffffff  __TI_pprof_out_hndl           
ffffffff  __TI_prof_data_size           
ffffffff  __TI_prof_data_start          
00000000  __TI_static_base__            
0000087b  __TI_zero_init                
00000711  __aeabi_memclr                
00000711  __aeabi_memclr4               
00000711  __aeabi_memclr8               
00000675  __aeabi_memcpy                
00000675  __aeabi_memcpy4               
00000675  __aeabi_memcpy8               
00000713  __aeabi_memset                
00000713  __aeabi_memset4               
00000713  __aeabi_memset8               
ffffffff  __binit__                     
ffffffff  __c_args__                    
UNDEFED   __mpu_init                    
20000420  __stack                       
20000000  __start___llvm_prf_cnts       
20000000  __stop___llvm_prf_cnts        
00000839  _c_int00_noargs               
UNDEFED   _system_post_cinit            
00000893  _system_pre_init              
00000897  abort                         
ffffffff  binit                         
00000000  g_pfnVectors                  
000002ad  main                          
00000675  memcpy                        
00000719  memset                        
20000400  rx_buffer                     
20000410  tx_buffer                     


GLOBAL SYMBOLS: SORTED BY Symbol Address 

address   name                          
-------   ----                          
00000000  __TI_static_base__            
00000000  g_pfnVectors                  
00000200  __STACK_SIZE                  
0000026d  UART0_Handler                 
000002a1  I2C1_Handler                  
000002ad  main                          
000002bb  Delay                         
000002dd  UART_print_char               
000002f9  UART_print_string             
00000315  I2C_Init                      
000003d3  I2C_Loopback_Test             
00000447  UART_Init                     
000004c3  UART_DMA_Transmit             
000004d9  DMA_Init                      
00000583  UART_DMA_Receive              
00000675  __aeabi_memcpy                
00000675  __aeabi_memcpy4               
00000675  __aeabi_memcpy8               
00000675  memcpy                        
00000711  __aeabi_memclr                
00000711  __aeabi_memclr4               
00000711  __aeabi_memclr8               
00000713  __aeabi_memset                
00000713  __aeabi_memset4               
00000713  __aeabi_memset8               
00000719  memset                        
0000078b  __TI_decompress_lzss          
000007f5  __TI_auto_init_nobinit_nopinit
00000839  _c_int00_noargs               
0000086d  __TI_decompress_none          
0000087b  __TI_zero_init                
00000887  ResetISR                      
00000893  _system_pre_init              
00000897  C$$EXIT                       
00000897  abort                         
000008a0  __TI_Handler_Table_Base       
000008ac  __TI_Handler_Table_Limit      
000008c0  __TI_CINIT_Base               
000008d0  __TI_CINIT_Limit              
20000000  DMA_Control_Table             
20000000  __start___llvm_prf_cnts       
20000000  __stop___llvm_prf_cnts        
20000400  rx_buffer                     
20000410  tx_buffer                     
20000420  __stack                       
20000620  DMA_Control_Table_Base        
20000620  __STACK_END                   
20000620  __STACK_TOP                   
ffffffff  __TI_pprof_out_hndl           
ffffffff  __TI_prof_data_size           
ffffffff  __TI_prof_data_start          
ffffffff  __binit__                     
ffffffff  __c_args__                    
ffffffff  binit                         
UNDEFED   __mpu_init                    
UNDEFED   _system_post_cinit            

[56 symbols]
